src/main/resources/files/beans.xml.tpl
src/main/resources/files/ClientController.java.tpl
src/main/resources/files/ConfigTestController.java.tpl
src/main/resources/files/helidon/logging.properties.tpl
src/main/resources/files/helidon/microprofile-config.properties.tpl
src/main/resources/files/helidon/ProtectedController.java.tpl
src/main/resources/files/helidon/RestApplication.java.tpl
src/main/resources/files/helidon/service-b/microprofile-config.properties.tpl
src/main/resources/files/helidon/service-b/RestApplication.java.tpl
src/main/resources/files/helidon/service-b/ServiceController.java.tpl
src/main/resources/files/HelloController.java.tpl
src/main/resources/files/index.html.tpl
src/main/resources/files/jwt-roles.properties.tpl
src/main/resources/files/kumuluzEE/config.yaml.tpl
src/main/resources/files/kumuluzEE/RestApplication.java.tpl
src/main/resources/files/kumuluzEE/service-b/config.yaml.tpl
src/main/resources/files/kumuluzEE/service-b/RestApplication.java.tpl
src/main/resources/files/liberty/public.jks.tpl
src/main/resources/files/liberty/server.xml.tpl
src/main/resources/files/liberty/service-b/server.xml.tpl
src/main/resources/files/MetricController.java.tpl
src/main/resources/files/microprofile-config.properties.tpl
src/main/resources/files/mp3_x/index.html.tpl
src/main/resources/files/mp3_x/ServiceLiveHealthCheck.java.tpl
src/main/resources/files/mp3_x/ServiceReadyHealthCheck.java.tpl
src/main/resources/files/MPJWTToken.java.tpl
src/main/resources/files/payara-micro/payara-mp-jwt.properties.tpl
src/main/resources/files/payara-micro/RestApplication.java.tpl
src/main/resources/files/payara-micro/service-b/RestApplication.java.tpl
src/main/resources/files/privateKey.pem.tpl
src/main/resources/files/project-defaults.yml.tpl
src/main/resources/files/ProtectedController.java.tpl
src/main/resources/files/publicKey.pem.tpl
src/main/resources/files/quarkus/application.properties.tpl
src/main/resources/files/quarkus/ClientController.java.tpl
src/main/resources/files/quarkus/ConfigTestController.java.tpl
src/main/resources/files/quarkus/MetricController.java.tpl
src/main/resources/files/quarkus/readme.md.secondary.tpl
src/main/resources/files/quarkus/readme.md.tpl
src/main/resources/files/quarkus/service-b/application.properties.tpl
src/main/resources/files/quarkus/service-b/ProtectedController.java.tpl
src/main/resources/files/readme.md.secondary.tpl
src/main/resources/files/readme.md.top.tpl
src/main/resources/files/readme.md.tpl
src/main/resources/files/ResilienceController.java.tpl
src/main/resources/files/RestApplication.java.tpl
src/main/resources/files/securedURLs.ini.tpl
src/main/resources/files/service-b/RestApplication.java.tpl
src/main/resources/files/ServiceController.java.tpl
src/main/resources/files/ServiceHealthCheck.java.tpl
src/main/resources/files/Service.java.tpl
src/main/resources/files/TestSecureController.java.tpl
src/main/resources/files/thorntail-v2/web.xml.tpl
src/main/resources/files/tomee/index.html.tpl
src/main/resources/files/web.xml.tpl
src/main/resources/files/wildfly-swarm/web.xml.tpl
